=== Jacord Prefetch Limit Sweep ===
Limits: 0 500 1000 2000 3000 5000

========================================
Testing: prefetch_limit=0
========================================
=== Restarting docker compose ===
 Container mongodb Stopping 
 Container redis Stopping 
 Container mongodb Stopped 
 Container mongodb Removing 
 Container mongodb Removed 
 Container redis Stopped 
 Container redis Removing 
 Container redis Removed 
 Network jacord_default Removing 
 Network jacord_default Removed 
 Network jacord_default Creating 
 Network jacord_default Created 
 Container redis Creating 
 Container mongodb Creating 
 Container redis Created 
 Container mongodb Created 
 Container mongodb Starting 
 Container redis Starting 
 Container mongodb Started 
 Container redis Started 
=== Restoring MongoDB from dump ===
2026-07-14T19:23:08.291+0000	index: &idx.IndexDocument{Options:bson.M{"name":"identities.value_normalized_1", "sparse":true, "unique":true, "v":2}, Key:bson.D{bson.E{Key:"identities.value_normalized", Value:1}}, PartialFilterExpression:bson.D(nil)}
2026-07-14T19:23:08.291+0000	index: &idx.IndexDocument{Options:bson.M{"name":"status_1", "v":2}, Key:bson.D{bson.E{Key:"status", Value:1}}, PartialFilterExpression:bson.D(nil)}
2026-07-14T19:23:08.346+0000	22391 document(s) restored successfully. 0 document(s) failed to restore.
=== Clearing Redis ===
OK
=== Stopping any running jac server ===
=== E2E Timing (3 trials, server restarted each trial, prefetch_limit=0) ===

  Trial 1: 253.857ms  HTTP=200  resp=18017bytes
    breakdown: topo=0.000ms ttg=0.000ms prefetch=0.000ms walker=221.511ms
    hit rate: L1=61.9%  L1=125 L2=3 L3=74 MISS=0
  Trial 2: 262.039ms  HTTP=200  resp=15621bytes
    breakdown: topo=0.000ms ttg=0.000ms prefetch=0.000ms walker=227.428ms
    hit rate: L1=58.9%  L1=106 L2=4 L3=70 MISS=0
  Trial 3: 230.009ms  HTTP=200  resp=10237bytes
    breakdown: topo=0.000ms ttg=0.000ms prefetch=0.000ms walker=200.849ms
    hit rate: L1=51.6%  L1=64 L2=3 L3=57 MISS=0
=== Done ===
========================================
Testing: prefetch_limit=500
========================================
=== Restarting docker compose ===
 Container mongodb Stopping 
 Container redis Stopping 
 Container mongodb Stopped 
 Container mongodb Removing 
 Container mongodb Removed 
 Container redis Stopped 
 Container redis Removing 
 Container redis Removed 
 Network jacord_default Removing 
 Network jacord_default Removed 
 Network jacord_default Creating 
 Network jacord_default Created 
 Container mongodb Creating 
 Container redis Creating 
 Container mongodb Created 
 Container redis Created 
 Container mongodb Starting 
 Container redis Starting 
 Container mongodb Started 
 Container redis Started 
=== Restoring MongoDB from dump ===
2026-07-14T19:23:39.574+0000	index: &idx.IndexDocument{Options:bson.M{"name":"identities.value_normalized_1", "sparse":true, "unique":true, "v":2}, Key:bson.D{bson.E{Key:"identities.value_normalized", Value:1}}, PartialFilterExpression:bson.D(nil)}
2026-07-14T19:23:39.574+0000	index: &idx.IndexDocument{Options:bson.M{"name":"status_1", "v":2}, Key:bson.D{bson.E{Key:"status", Value:1}}, PartialFilterExpression:bson.D(nil)}
2026-07-14T19:23:39.628+0000	22391 document(s) restored successfully. 0 document(s) failed to restore.
=== Clearing Redis ===
OK
=== Stopping any running jac server ===
=== E2E Timing (3 trials, server restarted each trial, prefetch_limit=500) ===

  Trial 1: 274.938ms  HTTP=200  resp=32573bytes
    breakdown: topo=120.644ms ttg=3.462ms prefetch=3.279ms walker=109.706ms
    hit rate: L1=79.1%  L1=284 L2=7 L3=68 MISS=0
  Trial 2: 273.065ms  HTTP=200  resp=15621bytes
    breakdown: topo=118.217ms ttg=3.669ms prefetch=3.180ms walker=114.061ms
    hit rate: L1=64.6%  L1=117 L2=3 L3=61 MISS=0
  Trial 3: 256.369ms  HTTP=200  resp=16893bytes
    breakdown: topo=118.523ms ttg=3.444ms prefetch=2.710ms walker=98.424ms
    hit rate: L1=65.8%  L1=129 L2=4 L3=63 MISS=0
=== Done ===
========================================
Testing: prefetch_limit=1000
========================================
=== Restarting docker compose ===
 Container redis Stopping 
 Container mongodb Stopping 
 Container mongodb Stopped 
 Container mongodb Removing 
 Container mongodb Removed 
 Container redis Stopped 
 Container redis Removing 
 Container redis Removed 
 Network jacord_default Removing 
 Network jacord_default Removed 
 Network jacord_default Creating 
 Network jacord_default Created 
 Container mongodb Creating 
 Container redis Creating 
 Container redis Created 
 Container mongodb Created 
 Container mongodb Starting 
 Container redis Starting 
 Container redis Started 
 Container mongodb Started 
=== Restoring MongoDB from dump ===
2026-07-14T19:24:10.908+0000	index: &idx.IndexDocument{Options:bson.M{"name":"identities.value_normalized_1", "sparse":true, "unique":true, "v":2}, Key:bson.D{bson.E{Key:"identities.value_normalized", Value:1}}, PartialFilterExpression:bson.D(nil)}
2026-07-14T19:24:10.908+0000	index: &idx.IndexDocument{Options:bson.M{"name":"status_1", "v":2}, Key:bson.D{bson.E{Key:"status", Value:1}}, PartialFilterExpression:bson.D(nil)}
2026-07-14T19:24:10.964+0000	22391 document(s) restored successfully. 0 document(s) failed to restore.
=== Clearing Redis ===
OK
=== Stopping any running jac server ===
=== E2E Timing (3 trials, server restarted each trial, prefetch_limit=1000) ===

  Trial 1: 276.130ms  HTTP=200  resp=21685bytes
    breakdown: topo=118.786ms ttg=3.815ms prefetch=3.057ms walker=111.367ms
    hit rate: L1=71.4%  L1=175 L2=4 L3=66 MISS=0
  Trial 2: 260.824ms  HTTP=200  resp=23233bytes
    breakdown: topo=115.951ms ttg=3.487ms prefetch=12.377ms walker=103.358ms
    hit rate: L1=74.0%  L1=191 L2=7 L3=60 MISS=0
  Trial 3: 235.720ms  HTTP=200  resp=7249bytes
    breakdown: topo=119.594ms ttg=3.830ms prefetch=3.251ms walker=81.660ms
    hit rate: L1=57.4%  L1=58 L2=3 L3=40 MISS=0
=== Done ===
========================================
Testing: prefetch_limit=2000
========================================
=== Restarting docker compose ===
 Container mongodb Stopping 
 Container redis Stopping 
 Container redis Stopped 
 Container redis Removing 
 Container redis Removed 
 Container mongodb Stopped 
 Container mongodb Removing 
 Container mongodb Removed 
 Network jacord_default Removing 
 Network jacord_default Removed 
 Network jacord_default Creating 
 Network jacord_default Created 
 Container redis Creating 
 Container mongodb Creating 
 Container redis Created 
 Container mongodb Created 
 Container mongodb Starting 
 Container redis Starting 
 Container redis Started 
 Container mongodb Started 
=== Restoring MongoDB from dump ===
2026-07-14T19:24:42.154+0000	index: &idx.IndexDocument{Options:bson.M{"background":true, "name":"arch_type_1_type_1", "v":2}, Key:bson.D{bson.E{Key:"arch_type", Value:1}, bson.E{Key:"type", Value:1}}, PartialFilterExpression:bson.D(nil)}
2026-07-14T19:24:42.154+0000	index: &idx.IndexDocument{Options:bson.M{"background":true, "name":"updated_at_-1", "v":2}, Key:bson.D{bson.E{Key:"updated_at", Value:-1}}, PartialFilterExpression:bson.D(nil)}
2026-07-14T19:24:42.214+0000	22391 document(s) restored successfully. 0 document(s) failed to restore.
=== Clearing Redis ===
OK
=== Stopping any running jac server ===
=== E2E Timing (3 trials, server restarted each trial, prefetch_limit=2000) ===

  Trial 1: 283.210ms  HTTP=200  resp=30253bytes
    breakdown: topo=117.907ms ttg=3.903ms prefetch=2.828ms walker=119.845ms
    hit rate: L1=77.4%  L1=264 L2=5 L3=72 MISS=0
  Trial 2: 236.401ms  HTTP=200  resp=10237bytes
    breakdown: topo=117.865ms ttg=3.389ms prefetch=2.813ms walker=84.525ms
    hit rate: L1=58.4%  L1=73 L2=3 L3=49 MISS=0
  Trial 3: 244.225ms  HTTP=200  resp=12639bytes
    breakdown: topo=113.739ms ttg=3.518ms prefetch=2.984ms walker=86.653ms
    hit rate: L1=65.4%  L1=100 L2=3 L3=50 MISS=0
=== Done ===
========================================
Testing: prefetch_limit=3000
========================================
=== Restarting docker compose ===
 Container redis Stopping 
 Container mongodb Stopping 
 Container mongodb Stopped 
 Container mongodb Removing 
 Container mongodb Removed 
 Container redis Stopped 
 Container redis Removing 
 Container redis Removed 
 Network jacord_default Removing 
 Network jacord_default Removed 
 Network jacord_default Creating 
 Network jacord_default Created 
 Container mongodb Creating 
 Container redis Creating 
 Container redis Created 
 Container mongodb Created 
 Container mongodb Starting 
 Container redis Starting 
 Container mongodb Started 
 Container redis Started 
=== Restoring MongoDB from dump ===
2026-07-14T19:25:13.422+0000	index: &idx.IndexDocument{Options:bson.M{"background":true, "name":"updated_at_-1", "v":2}, Key:bson.D{bson.E{Key:"updated_at", Value:-1}}, PartialFilterExpression:bson.D(nil)}
2026-07-14T19:25:13.422+0000	no indexes to restore for collection jac_db._migrations
2026-07-14T19:25:13.479+0000	22391 document(s) restored successfully. 0 document(s) failed to restore.
=== Clearing Redis ===
OK
=== Stopping any running jac server ===
=== E2E Timing (3 trials, server restarted each trial, prefetch_limit=3000) ===

  Trial 1: 228.474ms  HTTP=200  resp=14123bytes
    breakdown: topo=117.130ms ttg=3.489ms prefetch=3.197ms walker=77.626ms
    hit rate: L1=71.9%  L1=123 L2=3 L3=45 MISS=0
  Trial 2: 257.612ms  HTTP=200  resp=16893bytes
    breakdown: topo=116.134ms ttg=3.293ms prefetch=2.974ms walker=100.306ms
    hit rate: L1=68.9%  L1=135 L2=10 L3=51 MISS=0
  Trial 3: 229.284ms  HTTP=200  resp=10237bytes
    breakdown: topo=120.230ms ttg=3.493ms prefetch=3.071ms walker=76.492ms
    hit rate: L1=64.0%  L1=80 L2=3 L3=42 MISS=0
=== Done ===
========================================
Testing: prefetch_limit=5000
========================================
=== Restarting docker compose ===
 Container mongodb Stopping 
 Container redis Stopping 
 Container redis Stopped 
 Container redis Removing 
 Container redis Removed 
 Container mongodb Stopped 
 Container mongodb Removing 
 Container mongodb Removed 
 Network jacord_default Removing 
 Network jacord_default Removed 
 Network jacord_default Creating 
 Network jacord_default Created 
 Container redis Creating 
 Container mongodb Creating 
 Container redis Created 
 Container mongodb Created 
 Container redis Starting 
 Container mongodb Starting 
 Container redis Started 
 Container mongodb Started 
=== Restoring MongoDB from dump ===
2026-07-14T19:25:44.624+0000	index: &idx.IndexDocument{Options:bson.M{"background":true, "name":"arch_type_1_type_1", "v":2}, Key:bson.D{bson.E{Key:"arch_type", Value:1}, bson.E{Key:"type", Value:1}}, PartialFilterExpression:bson.D(nil)}
2026-07-14T19:25:44.624+0000	index: &idx.IndexDocument{Options:bson.M{"background":true, "name":"updated_at_-1", "v":2}, Key:bson.D{bson.E{Key:"updated_at", Value:-1}}, PartialFilterExpression:bson.D(nil)}
2026-07-14T19:25:44.681+0000	22391 document(s) restored successfully. 0 document(s) failed to restore.
=== Clearing Redis ===
OK
=== Stopping any running jac server ===
=== E2E Timing (3 trials, server restarted each trial, prefetch_limit=5000) ===

  Trial 1: 254.112ms  HTTP=200  resp=16893bytes
    breakdown: topo=115.006ms ttg=3.755ms prefetch=3.469ms walker=98.566ms
    hit rate: L1=69.9%  L1=137 L2=4 L3=55 MISS=0
  Trial 2: 300.183ms  HTTP=200  resp=14523bytes
    breakdown: topo=143.287ms ttg=3.213ms prefetch=4.609ms walker=119.354ms
    hit rate: L1=71.2%  L1=121 L2=4 L3=45 MISS=0
  Trial 3: 268.375ms  HTTP=200  resp=15189bytes
    breakdown: topo=116.493ms ttg=3.370ms prefetch=3.009ms walker=112.252ms
    hit rate: L1=65.0%  L1=119 L2=4 L3=60 MISS=0
=== Done ===

========================================
Sweep complete!
Results saved to: sweep_prefetch_limit.csv
========================================
walker,prefetch_limit,trial,e2e_ms,topo_idx_ms,ttg_ms,prefetch_ms,walker_ms,l1_hit_rate,l1,l2,l3,miss
load_channel,0,1,253.857,0.000,0.000,0.000,221.511,61.9,125,3,74,0
load_channel,0,2,262.039,0.000,0.000,0.000,227.428,58.9,106,4,70,0
load_channel,0,3,230.009,0.000,0.000,0.000,200.849,51.6,64,3,57,0
load_channel,500,1,274.938,120.644,3.462,3.279,109.706,79.1,284,7,68,0
load_channel,500,2,273.065,118.217,3.669,3.180,114.061,64.6,117,3,61,0
load_channel,500,3,256.369,118.523,3.444,2.710,98.424,65.8,129,4,63,0
load_channel,1000,1,276.130,118.786,3.815,3.057,111.367,71.4,175,4,66,0
load_channel,1000,2,260.824,115.951,3.487,12.377,103.358,74.0,191,7,60,0
load_channel,1000,3,235.720,119.594,3.830,3.251,81.660,57.4,58,3,40,0
load_channel,2000,1,283.210,117.907,3.903,2.828,119.845,77.4,264,5,72,0
load_channel,2000,2,236.401,117.865,3.389,2.813,84.525,58.4,73,3,49,0
load_channel,2000,3,244.225,113.739,3.518,2.984,86.653,65.4,100,3,50,0
load_channel,3000,1,228.474,117.130,3.489,3.197,77.626,71.9,123,3,45,0
load_channel,3000,2,257.612,116.134,3.293,2.974,100.306,68.9,135,10,51,0
load_channel,3000,3,229.284,120.230,3.493,3.071,76.492,64.0,80,3,42,0
load_channel,5000,1,254.112,115.006,3.755,3.469,98.566,69.9,137,4,55,0
load_channel,5000,2,300.183,143.287,3.213,4.609,119.354,71.2,121,4,45,0
load_channel,5000,3,268.375,116.493,3.370,3.009,112.252,65.0,119,4,60,0
